python : Failed to send telemetry event ClientStartEvent: capture() takes 1 position
al argument but 3 were given
所在位置 行:1 字符: 1
+ python test_qa_complete.py > test_output.txt 2>&1; Get-Content test_o ...
+ ~~~~~~~~~~~~~~~~~~~~~~~~~~~~~~~~~~~~~~~~~~~~~~~~~
    + CategoryInfo          : NotSpecified: (Failed to send ...ut 3 were given:Stri 
   ng) [], RemoteException
    + FullyQualifiedErrorId : NativeCommandError
 
Failed to send telemetry event ClientCreateCollectionEvent: capture() takes 1 positi
onal argument but 3 were given
向量数据库路径: F:\sjtu_project\project\backend\data\chroma_db
正在加载向量化模型...
向量化模型加载完成

================================================================================
Traceback (most recent call last):
  File "F:\sjtu_project\project\backend\test_qa_complete.py", line 242, in <module>
    asyncio.run(test_all_qa_features())
  File "C:\ProgramData\anaconda3\Lib\asyncio\runners.py", line 194, in run
    return runner.run(main)
           ^^^^^^^^^^^^^^^^
  File "C:\ProgramData\anaconda3\Lib\asyncio\runners.py", line 118, in run
    return self._loop.run_until_complete(task)
           ^^^^^^^^^^^^^^^^^^^^^^^^^^^^^^^^^^^
  File "C:\ProgramData\anaconda3\Lib\asyncio\base_events.py", line 687, in run_until
_complete
    return future.result()
           ^^^^^^^^^^^^^^^
  File "F:\sjtu_project\project\backend\test_qa_complete.py", line 23, in test_all_q
a_features
    print("\U0001f9ea 学生端智能问答 - 完整功能测试")
UnicodeEncodeError: 'gbk' codec can't encode character '\U0001f9ea' in position 0: i
llegal multibyte sequence
